=====================================================================
Assignment: Homework 3
OK, version v1.18.1
=====================================================================

~~~~~~~~~~~~~~~~~~~~~~~~~~~~~~~~~~~~~~~~~~~~~~~~~~~~~~~~~~~~~~~~~~~~~
Running tests

---------------------------------------------------------------------
Doctests for has_subseq

>>> has_subseq(123, 12)
True
>>> has_subseq(141, 11)
True
>>> has_subseq(144, 12)
False
>>> has_subseq(144, 1441)
False
>>> has_subseq(1343412, 134)
True
-- OK! --
---------------------------------------------------------------------
Test summary
    1 test cases passed! No cases failed.

Backup... 0.0% completeBackup... 0.0% completeBackup... 100% complete
[31mBackup past deadline by 729 days, 6 hours, 17 minutes, and 16 seconds[0m
[32mBackup successful for user: wh21710207@gmail.com[0m
[32mURL: https://okpy.org/cal/cs61a/sp22/hw03/backups/qM8mWR[0m

